// Jest Snapshot v1, https://goo.gl/fbAQLP

exports[`statItem renders properly 1`] = `
<DocumentFragment>
  <div
    class="flex flex-col"
  >
    <span
      class="text-purpleShade2 font-normal text-xs dark:text-white/75"
    >
      sample title
    </span>
    <span
      class="font-medium text-grayDark text-sm dark:text-white"
    >
      value
    </span>
  </div>
</DocumentFragment>
`;
