// Jest Snapshot v1, https://goo.gl/fbAQLP

exports[`Dropdown renders properly 1`] = `
<DocumentFragment>
  <div
    class="relative mt-1 w-36"
  >
    <button
      aria-expanded="false"
      aria-haspopup="true"
      class="relative w-full cursor-default rounded-lg bg-white py-2 pl-3 pr-10 text-left shadow-md focus:outline-none focus-visible:border-indigo-500 focus-visible:ring-2 focus-visible:ring-white focus-visible:ring-opacity-75 focus-visible:ring-offset-2 focus-visible:ring-offset-orange-300 sm:text-sm"
      data-headlessui-state=""
      id="headlessui-listbox-button-:r0:"
      type="button"
    >
      <div
        class="flex"
      >
        <svg
          fill="none"
          height="23"
          viewBox="0 0 22 23"
          width="22"
          xmlns="http://www.w3.org/2000/svg"
        >
          <path
            d="M15.1425 8.04569H9.57594C9.32825 8.04569 9.12422 8.14841 8.97852 8.33912C8.83281 8.52988 8.75993 8.75001 8.75993 9.01413C8.75993 9.26357 8.83281 9.48369 8.96396 9.65977C9.10967 9.83586 9.29909 9.92389 9.56139 9.92389H12.8401C13.729 9.92389 14.4285 10.2614 14.9385 10.9217C15.4048 11.5233 15.6379 12.257 15.6379 13.1374C15.6379 14.0178 15.4048 14.7515 14.9385 15.3531C14.4285 16.0134 13.729 16.3509 12.8401 16.3509H6.88011V14.1058H12.4613C12.6944 14.1058 12.8838 14.0032 13.0295 13.8124C13.1753 13.6216 13.2335 13.3868 13.2335 13.1227C13.2335 12.8586 13.1607 12.6385 13.0295 12.4624C12.8984 12.2863 12.7089 12.1983 12.4613 12.1983H9.18249C8.2936 12.1983 7.59419 11.8755 7.06959 11.2152C6.60326 10.6282 6.37012 9.89453 6.37012 9.01413C6.37012 8.14841 6.60326 7.42941 7.06959 6.82776C7.59419 6.16749 8.2936 5.82996 9.18249 5.82996H15.1279V8.04569H15.1425Z"
            fill="currentColor"
          />
          <path
            d="M20.5192 5.6826L20.0383 5.93204C19.9655 5.97609 19.9363 6.06413 19.98 6.13749C20.9855 7.9717 21.4372 10.1287 21.1458 12.4177C20.5629 17.0399 16.9345 20.7083 12.3442 21.2953C5.59741 22.1757 -0.100293 16.365 0.89061 9.54173C1.53178 5.11035 4.99993 1.60337 9.38611 0.913719C11.0182 0.664265 12.592 0.79633 14.02 1.25121C14.0055 1.32458 14.0055 1.38327 14.0055 1.45664C14.0055 2.26368 14.7778 2.89465 15.6084 2.6452C15.9873 2.52781 16.2933 2.21966 16.4099 1.83815C16.6576 0.987087 16.031 0.224061 15.2295 0.224061C14.9089 0.224061 14.6175 0.356123 14.3843 0.561553C12.8397 0.0333055 11.1202 -0.142777 9.34239 0.121347C4.57734 0.84035 0.817747 4.64079 0.118288 9.43906C-0.945474 16.8492 5.3205 23.1441 12.6794 22.0436C17.4153 21.3393 21.1749 17.5535 21.8744 12.7846C22.2532 10.2167 21.7578 7.76625 20.6212 5.72665C20.6066 5.6826 20.5629 5.66792 20.5192 5.6826Z"
            fill="currentColor"
          />
        </svg>
        <span
          class="ml-2 block truncate"
        >
          All
        </span>
        <span
          class="pointer-events-none absolute inset-y-0 right-0 flex items-center pr-2"
        >
          <svg
            aria-hidden="true"
            class="h-5 w-5 text-gray-400 ui-open:rotate-180 ui-open:transform"
            fill="currentColor"
            viewBox="0 0 20 20"
            xmlns="http://www.w3.org/2000/svg"
          >
            <path
              clip-rule="evenodd"
              d="M5.23 7.21a.75.75 0 011.06.02L10 11.168l3.71-3.938a.75.75 0 111.08 1.04l-4.25 4.5a.75.75 0 01-1.08 0l-4.25-4.5a.75.75 0 01.02-1.06z"
              fill-rule="evenodd"
            />
          </svg>
        </span>
      </div>
    </button>
  </div>
</DocumentFragment>
`;
