// Jest Snapshot v1, https://goo.gl/fbAQLP

exports[`pagination renders properly 1`] = `
<DocumentFragment>
  <div
    class="w-full flex items-center justify-between"
  >
    <div
      class="flex flex-1 justify-between sm:hidden"
    >
      <button
        class="relative inline-flex items-center rounded-full border border-gray-300 bg-white px-4 py-2 text-sm font-medium text-gray-700 hover:bg-gray-50 dark:text-white dark:bg-[#1E254E] dark:border-none"
        disabled=""
      >
        Previous
      </button>
      <button
        class="rounded-full relative ml-3 inline-flex items-center border border-gray-300 bg-white px-4 py-2 text-sm font-medium text-gray-700 hover:bg-gray-50 dark:text-white dark:bg-[#1E254E] dark:border-none"
      >
        Next
      </button>
    </div>
    <div
      class="hidden sm:flex sm:flex-1 sm:items-center sm:justify-end"
    >
      <div>
        <nav
          aria-label="Pagination"
          class="isolate inline-flex rounded-md"
        >
          <button
            class="relative inline-flex items-center rounded-full bg-white px-2 py-2 text-sm font-medium text-[#DE67E4] hover:bg-gray-50 focus:z-20 mr-[14px] dark:text-white dark:bg-[#1E254E] dark:border-none"
            disabled=""
          >
            <span
              class="sr-only"
            >
              Previous
            </span>
            <svg
              aria-hidden="true"
              class="h-5 w-5"
              fill="currentColor"
              viewBox="0 0 20 20"
              xmlns="http://www.w3.org/2000/svg"
            >
              <path
                clip-rule="evenodd"
                d="M12.79 5.23a.75.75 0 01-.02 1.06L8.832 10l3.938 3.71a.75.75 0 11-1.04 1.08l-4.5-4.25a.75.75 0 010-1.08l4.5-4.25a.75.75 0 011.06.02z"
                fill-rule="evenodd"
              />
            </svg>
          </button>
          <button
            aria-current="page"
            class="h-10 min-w-10 relative z-10 inline-flex items-center  bg-black px-4 py-2 text-sm font-medium text-white focus:z-20 rounded-full mx-1 dark:text-white dark:bg-[#DE67E4] dark:border-none"
          >
            1
          </button>
          <button
            aria-current="page"
            class="h-10 min-w-10 relative inline-flex items-center bg-white px-4 py-2 text-sm font-medium text-[#282929] hover:bg-gray-50 focus:z-20 rounded-full mx-1 dark:text-white dark:bg-[#1E254E] dark:border-none"
          >
            2
          </button>
          <button
            aria-current="page"
            class="h-10 min-w-10 relative inline-flex items-center bg-white px-4 py-2 text-sm font-medium text-[#282929] hover:bg-gray-50 focus:z-20 rounded-full mx-1 dark:text-white dark:bg-[#1E254E] dark:border-none"
          >
            3
          </button>
          <span
            class="relative inline-flex items-center bg-white px-4 py-2 text-sm font-medium text-gray-700 rounded-full mx-1 dark:text-white dark:bg-[#1E254E] dark:border-none"
          >
            ...
          </span>
          <button
            aria-current="page"
            class="h-10 min-w-10 relative inline-flex items-center bg-white px-4 py-2 text-sm font-medium text-[#282929] hover:bg-gray-50 focus:z-20 rounded-full mx-1 dark:text-white dark:bg-[#1E254E] dark:border-none"
          >
            10
          </button>
          <button
            class="relative inline-flex items-center rounded-full bg-white px-2 py-2 text-sm font-medium text-[#DE67E4] hover:bg-gray-50 focus:z-20 ml-[14px] dark:text-white dark:bg-[#1E254E] dark:border-none"
          >
            <span
              class="sr-only"
            >
              Next
            </span>
            <svg
              aria-hidden="true"
              class="h-5 w-5"
              fill="currentColor"
              viewBox="0 0 20 20"
              xmlns="http://www.w3.org/2000/svg"
            >
              <path
                clip-rule="evenodd"
                d="M7.21 14.77a.75.75 0 01.02-1.06L11.168 10 7.23 6.29a.75.75 0 111.04-1.08l4.5 4.25a.75.75 0 010 1.08l-4.5 4.25a.75.75 0 01-1.06-.02z"
                fill-rule="evenodd"
              />
            </svg>
          </button>
        </nav>
      </div>
    </div>
  </div>
</DocumentFragment>
`;
